// Vitest Snapshot v1, https://vitest.dev/guide/snapshot.html

exports[`from-sse > should transform SSE data with custom get function 1`] = `
[
  "{"data":"The us","id":"0","event":"message"}",
  "{"data":"er is","id":"1","event":"message"}",
  "{"data":"asking","id":"2","event":"message"}",
  "{"data":"for th","id":"3","event":"message"}",
  "{"data":"e curre","id":"4","event":"message"}",
  "{"data":"nt we","id":"5","event":"message"}",
  "{"data":"ather i","id":"6","event":"message"}",
  "{"data":"n New","id":"7","event":"message"}",
  "{"data":"York.","id":"8","event":"message"}",
  "{"data":""}",
  "{"data":"ool>","id":"9","event":"message"}",
  "{"data":"ol_name>ge","id":"10","event":"message"}",
  "{"data":"t_weath","id":"11","event":"message"}",
  "{"data":"er</tool","id":"12","event":"message"}",
  "{"data":"_name>","id":"13","event":"message"}",
  "{"data":"tool_inp","id":"14","event":"message"}",
  "{"data":"ut>Ne","id":"15","event":"message"}",
  "{"data":"w Yor","id":"16","event":"message"}",
  "{"data":"k</tool_in","id":"17","event":"message"}",
  "{"data":"put>","id":"18","event":"message"}",
  "{"data":"l>","id":"19","event":"message"}",
  "{"data":""}",
  "{"data":"stions>","id":"20","event":"message"}",
  "{"data":"<opt","id":"21","event":"message"}",
  "{"data":"ion>What","id":"22","event":"message"}",
  "{"data":"is th","id":"23","event":"message"}",
  "{"data":"e weather","id":"24","event":"message"}",
  "{"data":"in Paris?","id":"25","event":"message"}",
  "{"data":"</opt","id":"26","event":"message"}",
  "{"data":"ion>","id":"27","event":"message"}",
  "{"data":"ption>W","id":"28","event":"message"}",
  "{"data":"hat i","id":"29","event":"message"}",
  "{"data":"s the","id":"30","event":"message"}",
  "{"data":"weather","id":"31","event":"message"}",
  "{"data":"in Londo","id":"32","event":"message"}",
  "{"data":"n?</option","id":"33","event":"message"}",
  "{"data":">","id":"34","event":"message"}",
  "{"data":"stions>","id":"35","event":"message"}",
]
`;
